// Jest Snapshot v1, https://goo.gl/fbAQLP

exports[`<ErrorMessage /> component tests Should not regress 1`] = `
<div
  className={undefined}
/>
`;
