// Jest Snapshot v1, https://goo.gl/fbAQLP

exports[`<FormTextbox /> component tests Should not regress 1`] = `
<textarea
  className="undefined"
  onChange={[Function]}
  value="This is sample text"
/>
`;
